###############################################################################
#
# IAR ELF Linker V8.32.1.169/W32 for ARM                  30/Aug/2023  10:28:57
# Copyright 2007-2018 IAR Systems AB.
#
#    Output file  =  
#        C:\Users\Pyrtikov\Desktop\iar_chip_templates\GD32F107\GD_SPL\Debug\Exe\gd_spl_project.out
#    Map file     =  
#        C:\Users\Pyrtikov\Desktop\iar_chip_templates\GD32F107\GD_SPL\Debug\List\gd_spl_project.map
#    Command line =  
#        -f C:\Users\Pyrtikov\AppData\Local\Temp\EW8859.tmp
#        (C:\Users\Pyrtikov\Desktop\iar_chip_templates\GD32F107\GD_SPL\Debug\Obj\gd32f10x_adc.o
#        C:\Users\Pyrtikov\Desktop\iar_chip_templates\GD32F107\GD_SPL\Debug\Obj\gd32f10x_bkp.o
#        C:\Users\Pyrtikov\Desktop\iar_chip_templates\GD32F107\GD_SPL\Debug\Obj\gd32f10x_can.o
#        C:\Users\Pyrtikov\Desktop\iar_chip_templates\GD32F107\GD_SPL\Debug\Obj\gd32f10x_crc.o
#        C:\Users\Pyrtikov\Desktop\iar_chip_templates\GD32F107\GD_SPL\Debug\Obj\gd32f10x_dac.o
#        C:\Users\Pyrtikov\Desktop\iar_chip_templates\GD32F107\GD_SPL\Debug\Obj\gd32f10x_dbg.o
#        C:\Users\Pyrtikov\Desktop\iar_chip_templates\GD32F107\GD_SPL\Debug\Obj\gd32f10x_dma.o
#        C:\Users\Pyrtikov\Desktop\iar_chip_templates\GD32F107\GD_SPL\Debug\Obj\gd32f10x_enet.o
#        C:\Users\Pyrtikov\Desktop\iar_chip_templates\GD32F107\GD_SPL\Debug\Obj\gd32f10x_exmc.o
#        C:\Users\Pyrtikov\Desktop\iar_chip_templates\GD32F107\GD_SPL\Debug\Obj\gd32f10x_exti.o
#        C:\Users\Pyrtikov\Desktop\iar_chip_templates\GD32F107\GD_SPL\Debug\Obj\gd32f10x_fmc.o
#        C:\Users\Pyrtikov\Desktop\iar_chip_templates\GD32F107\GD_SPL\Debug\Obj\gd32f10x_fwdgt.o
#        C:\Users\Pyrtikov\Desktop\iar_chip_templates\GD32F107\GD_SPL\Debug\Obj\gd32f10x_gpio.o
#        C:\Users\Pyrtikov\Desktop\iar_chip_templates\GD32F107\GD_SPL\Debug\Obj\gd32f10x_i2c.o
#        C:\Users\Pyrtikov\Desktop\iar_chip_templates\GD32F107\GD_SPL\Debug\Obj\gd32f10x_it.o
#        C:\Users\Pyrtikov\Desktop\iar_chip_templates\GD32F107\GD_SPL\Debug\Obj\gd32f10x_misc.o
#        C:\Users\Pyrtikov\Desktop\iar_chip_templates\GD32F107\GD_SPL\Debug\Obj\gd32f10x_pmu.o
#        C:\Users\Pyrtikov\Desktop\iar_chip_templates\GD32F107\GD_SPL\Debug\Obj\gd32f10x_rcu.o
#        C:\Users\Pyrtikov\Desktop\iar_chip_templates\GD32F107\GD_SPL\Debug\Obj\gd32f10x_rtc.o
#        C:\Users\Pyrtikov\Desktop\iar_chip_templates\GD32F107\GD_SPL\Debug\Obj\gd32f10x_sdio.o
#        C:\Users\Pyrtikov\Desktop\iar_chip_templates\GD32F107\GD_SPL\Debug\Obj\gd32f10x_spi.o
#        C:\Users\Pyrtikov\Desktop\iar_chip_templates\GD32F107\GD_SPL\Debug\Obj\gd32f10x_timer.o
#        C:\Users\Pyrtikov\Desktop\iar_chip_templates\GD32F107\GD_SPL\Debug\Obj\gd32f10x_usart.o
#        C:\Users\Pyrtikov\Desktop\iar_chip_templates\GD32F107\GD_SPL\Debug\Obj\gd32f10x_wwdgt.o
#        C:\Users\Pyrtikov\Desktop\iar_chip_templates\GD32F107\GD_SPL\Debug\Obj\main.o
#        C:\Users\Pyrtikov\Desktop\iar_chip_templates\GD32F107\GD_SPL\Debug\Obj\startup_gd32f10x_cl.o
#        C:\Users\Pyrtikov\Desktop\iar_chip_templates\GD32F107\GD_SPL\Debug\Obj\system_gd32f10x.o
#        C:\Users\Pyrtikov\Desktop\iar_chip_templates\GD32F107\GD_SPL\Debug\Obj\systick.o
#        --no_out_extension -o
#        C:\Users\Pyrtikov\Desktop\iar_chip_templates\GD32F107\GD_SPL\Debug\Exe\gd_spl_project.out
#        --redirect _Printf=_PrintfFullNoMb --redirect _Scanf=_ScanfFullNoMb
#        --map
#        C:\Users\Pyrtikov\Desktop\iar_chip_templates\GD32F107\GD_SPL\Debug\List\gd_spl_project.map
#        --config D:\iar\arm\config\linker\GD\GD32F107xC.icf --semihosting
#        --entry __iar_program_start --vfe --text_out locale)
#
###############################################################################

*******************************************************************************
*** RUNTIME MODEL ATTRIBUTES
***

CppFlavor       = *
__SystemLibrary = DLib
__dlib_version  = 6


*******************************************************************************
*** HEAP SELECTION
***

The basic heap was selected because no calls to memory allocation
functions were found in the application outside of system library
functions, and there are calls to deallocation functions in the
application.


*******************************************************************************
*** PLACEMENT SUMMARY
***

"A0":  place at 0x800'0000 { ro section .intvec };
"P1":  place in [from 0x800'0000 to 0x803'ffff] { ro };
define block CSTACK with size = 8K, alignment = 8 { };
define block HEAP with size = 8K, alignment = 8 { };
"P2":  place in [from 0x2000'0000 to 0x2001'7fff] {
          rw, block CSTACK, block HEAP };
initialize by copy { rw };

  Section            Kind         Address    Size  Object
  -------            ----         -------    ----  ------
"A0":                                       0x150
  .intvec            ro code   0x800'0000   0x150  startup_gd32f10x_cl.o [1]
                             - 0x800'0150   0x150

"P1":                                       0x6ac
  .text              ro code   0x800'0150   0x19c  gd32f10x_rcu.o [1]
  .text              ro code   0x800'02ec    0x86  ABImemcpy.o [3]
  .text              ro code   0x800'0374   0x170  system_gd32f10x.o [1]
  .text              ro code   0x800'04e4    0x18  gd32f10x_misc.o [1]
  .text              ro code   0x800'04fc    0xb8  systick.o [1]
  .text              ro code   0x800'05b4    0x34  main.o [1]
  .text              ro code   0x800'05e8    0x2c  copy_init3.o [3]
  .text              ro code   0x800'0614    0x28  data_init.o [3]
  .iar.init_table    const     0x800'063c    0x14  - Linker created -
  .text              ro code   0x800'0650    0x1e  cmain.o [3]
  .text              ro code   0x800'066e     0x4  low_level_init.o [2]
  .text              ro code   0x800'0672     0x4  exit.o [2]
  .text              ro code   0x800'0678     0xa  cexit.o [3]
  .text              ro code   0x800'0684    0x14  exit.o [4]
  .text              ro code   0x800'0698    0x18  gd32f10x_it.o [1]
  .rodata            const     0x800'06b0    0x10  gd32f10x_rcu.o [1]
  .text              ro code   0x800'06c0    0x10  startup_gd32f10x_cl.o [1]
  .text              ro code   0x800'06d0     0xc  cstartup_M.o [3]
  .rodata            const     0x800'06dc     0x8  gd32f10x_rcu.o [1]
  .rodata            const     0x800'06e4     0x8  gd32f10x_rcu.o [1]
  Initializer bytes  const     0x800'06ec     0x8  <for P2-1>
  .text              ro code   0x800'06f4     0x4  startup_gd32f10x_cl.o [1]
  .text              ro code   0x800'06f8     0x4  startup_gd32f10x_cl.o [1]
  .text              ro code   0x800'06fc     0x4  startup_gd32f10x_cl.o [1]
  .text              ro code   0x800'0700     0x4  startup_gd32f10x_cl.o [1]
  .text              ro code   0x800'0704     0x4  startup_gd32f10x_cl.o [1]
  .text              ro code   0x800'0708     0x4  startup_gd32f10x_cl.o [1]
  .text              ro code   0x800'070c     0x4  startup_gd32f10x_cl.o [1]
  .text              ro code   0x800'0710     0x4  startup_gd32f10x_cl.o [1]
  .text              ro code   0x800'0714     0x4  startup_gd32f10x_cl.o [1]
  .text              ro code   0x800'0718     0x4  startup_gd32f10x_cl.o [1]
  .text              ro code   0x800'071c     0x4  startup_gd32f10x_cl.o [1]
  .text              ro code   0x800'0720     0x4  startup_gd32f10x_cl.o [1]
  .text              ro code   0x800'0724     0x4  startup_gd32f10x_cl.o [1]
  .text              ro code   0x800'0728     0x4  startup_gd32f10x_cl.o [1]
  .text              ro code   0x800'072c     0x4  startup_gd32f10x_cl.o [1]
  .text              ro code   0x800'0730     0x4  startup_gd32f10x_cl.o [1]
  .text              ro code   0x800'0734     0x4  startup_gd32f10x_cl.o [1]
  .text              ro code   0x800'0738     0x4  startup_gd32f10x_cl.o [1]
  .text              ro code   0x800'073c     0x4  startup_gd32f10x_cl.o [1]
  .text              ro code   0x800'0740     0x4  startup_gd32f10x_cl.o [1]
  .text              ro code   0x800'0744     0x4  startup_gd32f10x_cl.o [1]
  .text              ro code   0x800'0748     0x4  startup_gd32f10x_cl.o [1]
  .text              ro code   0x800'074c     0x4  startup_gd32f10x_cl.o [1]
  .text              ro code   0x800'0750     0x4  startup_gd32f10x_cl.o [1]
  .text              ro code   0x800'0754     0x4  startup_gd32f10x_cl.o [1]
  .text              ro code   0x800'0758     0x4  startup_gd32f10x_cl.o [1]
  .text              ro code   0x800'075c     0x4  startup_gd32f10x_cl.o [1]
  .text              ro code   0x800'0760     0x4  startup_gd32f10x_cl.o [1]
  .text              ro code   0x800'0764     0x4  startup_gd32f10x_cl.o [1]
  .text              ro code   0x800'0768     0x4  startup_gd32f10x_cl.o [1]
  .text              ro code   0x800'076c     0x4  startup_gd32f10x_cl.o [1]
  .text              ro code   0x800'0770     0x4  startup_gd32f10x_cl.o [1]
  .text              ro code   0x800'0774     0x4  startup_gd32f10x_cl.o [1]
  .text              ro code   0x800'0778     0x4  startup_gd32f10x_cl.o [1]
  .text              ro code   0x800'077c     0x4  startup_gd32f10x_cl.o [1]
  .text              ro code   0x800'0780     0x4  startup_gd32f10x_cl.o [1]
  .text              ro code   0x800'0784     0x4  startup_gd32f10x_cl.o [1]
  .text              ro code   0x800'0788     0x4  startup_gd32f10x_cl.o [1]
  .text              ro code   0x800'078c     0x4  startup_gd32f10x_cl.o [1]
  .text              ro code   0x800'0790     0x4  startup_gd32f10x_cl.o [1]
  .text              ro code   0x800'0794     0x4  startup_gd32f10x_cl.o [1]
  .text              ro code   0x800'0798     0x4  startup_gd32f10x_cl.o [1]
  .text              ro code   0x800'079c     0x4  startup_gd32f10x_cl.o [1]
  .text              ro code   0x800'07a0     0x4  startup_gd32f10x_cl.o [1]
  .text              ro code   0x800'07a4     0x4  startup_gd32f10x_cl.o [1]
  .text              ro code   0x800'07a8     0x4  startup_gd32f10x_cl.o [1]
  .text              ro code   0x800'07ac     0x4  startup_gd32f10x_cl.o [1]
  .text              ro code   0x800'07b0     0x4  startup_gd32f10x_cl.o [1]
  .text              ro code   0x800'07b4     0x4  startup_gd32f10x_cl.o [1]
  .text              ro code   0x800'07b8     0x4  startup_gd32f10x_cl.o [1]
  .text              ro code   0x800'07bc     0x4  startup_gd32f10x_cl.o [1]
  .text              ro code   0x800'07c0     0x4  startup_gd32f10x_cl.o [1]
  .text              ro code   0x800'07c4     0x4  startup_gd32f10x_cl.o [1]
  .text              ro code   0x800'07c8     0x4  startup_gd32f10x_cl.o [1]
  .text              ro code   0x800'07cc     0x4  startup_gd32f10x_cl.o [1]
  .text              ro code   0x800'07d0     0x4  startup_gd32f10x_cl.o [1]
  .text              ro code   0x800'07d4     0x4  startup_gd32f10x_cl.o [1]
  .text              ro code   0x800'07d8     0x4  startup_gd32f10x_cl.o [1]
  .text              ro code   0x800'07dc     0x4  startup_gd32f10x_cl.o [1]
  .text              ro code   0x800'07e0     0x4  startup_gd32f10x_cl.o [1]
  .text              ro code   0x800'07e4     0x4  startup_gd32f10x_cl.o [1]
  .text              ro code   0x800'07e8     0x4  startup_gd32f10x_cl.o [1]
  .text              ro code   0x800'07ec     0x4  startup_gd32f10x_cl.o [1]
  .text              ro code   0x800'07f0     0x4  startup_gd32f10x_cl.o [1]
  .text              ro code   0x800'07f4     0x4  startup_gd32f10x_cl.o [1]
  .text              ro code   0x800'07f8     0x4  startup_gd32f10x_cl.o [1]
  .rodata            const     0x800'07fc     0x0  copy_init3.o [3]
                             - 0x800'07fc   0x6ac

"P2", part 1 of 2:                            0x8
  P2-1                        0x2000'0000     0x8  <Init block>
    .data            inited   0x2000'0000     0x4  system_gd32f10x.o [1]
    .bss             inited   0x2000'0004     0x4  systick.o [1]
                            - 0x2000'0008     0x8

"P2", part 2 of 2:                         0x2000
  CSTACK                      0x2000'0008  0x2000  <Block>
    CSTACK           uninit   0x2000'0008  0x2000  <Block tail>
                            - 0x2000'2008  0x2000

Unused ranges:

         From           To      Size
         ----           --      ----
   0x800'07fc   0x803'ffff  0x3'f804
  0x2000'2008  0x2001'7fff  0x1'5ff8


*******************************************************************************
*** INIT TABLE
***

          Address      Size
          -------      ----
Copy (__iar_copy_init3)
    1 source range, total size 0x8:
           0x800'06ec   0x8
    1 destination range, total size 0x8:
          0x2000'0000   0x8



*******************************************************************************
*** MODULE SUMMARY
***

    Module                 ro code  ro data  rw data
    ------                 -------  -------  -------
command line/config:
    ------------------------------------------------
    Total:

C:\Users\Pyrtikov\Desktop\iar_chip_templates\GD32F107\GD_SPL\Debug\Obj: [1]
    gd32f10x_it.o               24
    gd32f10x_misc.o             24
    gd32f10x_rcu.o             412       32
    main.o                      52
    startup_gd32f10x_cl.o      616
    system_gd32f10x.o          368        4        4
    systick.o                  184        4        4
    ------------------------------------------------
    Total:                   1 680       40        8

dl7M_tln.a: [2]
    exit.o                       4
    low_level_init.o             4
    ------------------------------------------------
    Total:                       8

rt7M_tl.a: [3]
    ABImemcpy.o                134
    cexit.o                     10
    cmain.o                     30
    copy_init3.o                44
    cstartup_M.o                12
    data_init.o                 40
    ------------------------------------------------
    Total:                     270

shb_l.a: [4]
    exit.o                      20
    ------------------------------------------------
    Total:                      20

    Gaps                         6
    Linker created                       20    8 192
----------------------------------------------------
    Grand Total:             1 984       60    8 200


*******************************************************************************
*** ENTRY LIST
***

Entry                       Address   Size  Type      Object
-----                       -------   ----  ----      ------
.iar.init_table$$Base    0x800'063c          --   Gb  - Linker created -
.iar.init_table$$Limit   0x800'0650          --   Gb  - Linker created -
?main                    0x800'0651         Code  Gb  cmain.o [3]
BusFault_Handler         0x800'069f    0x2  Code  Gb  gd32f10x_it.o [1]
CSTACK$$Base            0x2000'0008          --   Gb  - Linker created -
CSTACK$$Limit           0x2000'2008          --   Gb  - Linker created -
DebugMon_Handler         0x800'06a5    0x2  Code  Gb  gd32f10x_it.o [1]
HardFault_Handler        0x800'069b    0x2  Code  Gb  gd32f10x_it.o [1]
MemManage_Handler        0x800'069d    0x2  Code  Gb  gd32f10x_it.o [1]
NMI_Handler              0x800'0699    0x2  Code  Gb  gd32f10x_it.o [1]
NVIC_SetPriority         0x800'04fd   0x2c  Code  Lc  systick.o [1]
PendSV_Handler           0x800'06a7    0x2  Code  Gb  gd32f10x_it.o [1]
Region$$Table$$Base      0x800'063c          --   Gb  - Linker created -
Region$$Table$$Limit     0x800'0650          --   Gb  - Linker created -
SVC_Handler              0x800'06a3    0x2  Code  Gb  gd32f10x_it.o [1]
SysTick_Config           0x800'0529   0x30  Code  Lc  systick.o [1]
SysTick_Handler          0x800'06a9    0x8  Code  Gb  gd32f10x_it.o [1]
SystemCoreClock         0x2000'0000    0x4  Data  Gb  system_gd32f10x.o [1]
SystemInit               0x800'037d   0x9c  Code  Gb  system_gd32f10x.o [1]
UsageFault_Handler       0x800'06a1    0x2  Code  Gb  gd32f10x_it.o [1]
__ICFEDIT_region_RAM_end__ {Abs}
                        0x2001'7fff         Data  Gb  <internal module>
__ICFEDIT_region_RAM_start__ {Abs}
                        0x2000'0000         Data  Gb  <internal module>
__aeabi_memcpy4          0x800'02ed         Code  Gb  ABImemcpy.o [3]
__aeabi_memcpy8          0x800'02ed         Code  Gb  ABImemcpy.o [3]
__cmain                  0x800'0651         Code  Gb  cmain.o [3]
__exit                   0x800'0685   0x14  Code  Gb  exit.o [4]
__iar_copy_init3         0x800'05e9   0x2c  Code  Gb  copy_init3.o [3]
__iar_data_init3         0x800'0615   0x28  Code  Gb  data_init.o [3]
__iar_program_start      0x800'06d1         Code  Gb  cstartup_M.o [3]
__low_level_init         0x800'066f    0x4  Code  Gb  low_level_init.o [2]
__vector_table           0x800'0000         Data  Gb  startup_gd32f10x_cl.o [1]
_call_main               0x800'065d         Code  Gb  cmain.o [3]
_exit                    0x800'0679         Code  Gb  cexit.o [3]
_main                    0x800'066b         Code  Gb  cmain.o [3]
delay                   0x2000'0004    0x4  Data  Lc  systick.o [1]
delay_decrement          0x800'0589   0x10  Code  Gb  systick.o [1]
delay_ms                 0x800'057d    0xc  Code  Gb  systick.o [1]
exit                     0x800'0673    0x4  Code  Gb  exit.o [2]
main                     0x800'05b5   0x34  Code  Gb  main.o [1]
nvic_vector_table_set    0x800'04e5   0x10  Code  Gb  gd32f10x_misc.o [1]
rcu_clock_freq_get       0x800'0151  0x178  Code  Gb  gd32f10x_rcu.o [1]
system_clock_108m_hxtal
                         0x800'0419   0xa0  Code  Lc  system_gd32f10x.o [1]
system_clock_config      0x800'0375    0x8  Code  Lc  system_gd32f10x.o [1]
systick_config           0x800'0559   0x24  Code  Gb  systick.o [1]


[1] = C:\Users\Pyrtikov\Desktop\iar_chip_templates\GD32F107\GD_SPL\Debug\Obj
[2] = dl7M_tln.a
[3] = rt7M_tl.a
[4] = shb_l.a

  1 984 bytes of readonly  code memory
     60 bytes of readonly  data memory
  8 200 bytes of readwrite data memory

Errors: none
Warnings: none
