###############################################################################
#
# IAR ELF Linker V8.32.1.169/W32 for ARM                  28/Aug/2023  13:15:55
# Copyright 2007-2018 IAR Systems AB.
#
#    Output file  =  
#        C:\Users\Pyrtikov\Desktop\GD32F205\GD\Debug\Exe\project.out
#    Map file     =  
#        C:\Users\Pyrtikov\Desktop\GD32F205\GD\Debug\List\project.map
#    Command line =  
#        -f C:\Users\Pyrtikov\AppData\Local\Temp\EWB065.tmp
#        (C:\Users\Pyrtikov\Desktop\GD32F205\GD\Debug\Obj\gd32f20x_adc.o
#        C:\Users\Pyrtikov\Desktop\GD32F205\GD\Debug\Obj\gd32f20x_bkp.o
#        C:\Users\Pyrtikov\Desktop\GD32F205\GD\Debug\Obj\gd32f20x_can.o
#        C:\Users\Pyrtikov\Desktop\GD32F205\GD\Debug\Obj\gd32f20x_cau.o
#        C:\Users\Pyrtikov\Desktop\GD32F205\GD\Debug\Obj\gd32f20x_cau_aes.o
#        C:\Users\Pyrtikov\Desktop\GD32F205\GD\Debug\Obj\gd32f20x_cau_des.o
#        C:\Users\Pyrtikov\Desktop\GD32F205\GD\Debug\Obj\gd32f20x_cau_tdes.o
#        C:\Users\Pyrtikov\Desktop\GD32F205\GD\Debug\Obj\gd32f20x_crc.o
#        C:\Users\Pyrtikov\Desktop\GD32F205\GD\Debug\Obj\gd32f20x_dac.o
#        C:\Users\Pyrtikov\Desktop\GD32F205\GD\Debug\Obj\gd32f20x_dbg.o
#        C:\Users\Pyrtikov\Desktop\GD32F205\GD\Debug\Obj\gd32f20x_dci.o
#        C:\Users\Pyrtikov\Desktop\GD32F205\GD\Debug\Obj\gd32f20x_dma.o
#        C:\Users\Pyrtikov\Desktop\GD32F205\GD\Debug\Obj\gd32f20x_enet.o
#        C:\Users\Pyrtikov\Desktop\GD32F205\GD\Debug\Obj\gd32f20x_exmc.o
#        C:\Users\Pyrtikov\Desktop\GD32F205\GD\Debug\Obj\gd32f20x_exti.o
#        C:\Users\Pyrtikov\Desktop\GD32F205\GD\Debug\Obj\gd32f20x_fmc.o
#        C:\Users\Pyrtikov\Desktop\GD32F205\GD\Debug\Obj\gd32f20x_fwdgt.o
#        C:\Users\Pyrtikov\Desktop\GD32F205\GD\Debug\Obj\gd32f20x_gpio.o
#        C:\Users\Pyrtikov\Desktop\GD32F205\GD\Debug\Obj\gd32f20x_hau.o
#        C:\Users\Pyrtikov\Desktop\GD32F205\GD\Debug\Obj\gd32f20x_hau_sha_md5.o
#        C:\Users\Pyrtikov\Desktop\GD32F205\GD\Debug\Obj\gd32f20x_i2c.o
#        C:\Users\Pyrtikov\Desktop\GD32F205\GD\Debug\Obj\gd32f20x_misc.o
#        C:\Users\Pyrtikov\Desktop\GD32F205\GD\Debug\Obj\gd32f20x_pmu.o
#        C:\Users\Pyrtikov\Desktop\GD32F205\GD\Debug\Obj\gd32f20x_rcu.o
#        C:\Users\Pyrtikov\Desktop\GD32F205\GD\Debug\Obj\gd32f20x_rtc.o
#        C:\Users\Pyrtikov\Desktop\GD32F205\GD\Debug\Obj\gd32f20x_sdio.o
#        C:\Users\Pyrtikov\Desktop\GD32F205\GD\Debug\Obj\gd32f20x_spi.o
#        C:\Users\Pyrtikov\Desktop\GD32F205\GD\Debug\Obj\gd32f20x_timer.o
#        C:\Users\Pyrtikov\Desktop\GD32F205\GD\Debug\Obj\gd32f20x_tli.o
#        C:\Users\Pyrtikov\Desktop\GD32F205\GD\Debug\Obj\gd32f20x_trng.o
#        C:\Users\Pyrtikov\Desktop\GD32F205\GD\Debug\Obj\gd32f20x_usart.o
#        C:\Users\Pyrtikov\Desktop\GD32F205\GD\Debug\Obj\gd32f20x_wwdgt.o
#        C:\Users\Pyrtikov\Desktop\GD32F205\GD\Debug\Obj\main.o
#        C:\Users\Pyrtikov\Desktop\GD32F205\GD\Debug\Obj\startup_gd32f20x_cl.o
#        C:\Users\Pyrtikov\Desktop\GD32F205\GD\Debug\Obj\system_gd32f20x.o
#        --no_out_extension -o
#        C:\Users\Pyrtikov\Desktop\GD32F205\GD\Debug\Exe\project.out --redirect
#        _Printf=_PrintfFullNoMb --redirect _Scanf=_ScanfFullNoMb --map
#        C:\Users\Pyrtikov\Desktop\GD32F205\GD\Debug\List\project.map --config
#        D:\iar\arm\config\linker\GD\GD32F20xxG.icf --semihosting --entry
#        __iar_program_start --vfe --text_out locale)
#
###############################################################################

*******************************************************************************
*** RUNTIME MODEL ATTRIBUTES
***

CppFlavor       = *
__SystemLibrary = DLib
__dlib_version  = 6


*******************************************************************************
*** HEAP SELECTION
***

The basic heap was selected because no calls to memory allocation
functions were found in the application outside of system library
functions, and there are calls to deallocation functions in the
application.


*******************************************************************************
*** PLACEMENT SUMMARY
***

"A0":  place at 0x800'0000 { ro section .intvec };
"P1":  place in [from 0x800'0000 to 0x80f'ffff] { ro };
define block CSTACK with size = 8K, alignment = 8 { };
define block HEAP with size = 8K, alignment = 8 { };
"P2":  place in [from 0x2000'0000 to 0x2003'ffff] {
          rw, block CSTACK, block HEAP };

No sections matched the following patterns:

  rw  in "P2"


  Section   Kind         Address    Size  Object
  -------   ----         -------    ----  ------
"A0":                              0x1a8
  .intvec   ro code   0x800'0000   0x1a8  startup_gd32f20x_cl.o [1]
                    - 0x800'01a8   0x1a8

"P1":                              0x5bc
  .text     ro code   0x800'01a8   0x194  gd32f20x_rcu.o [1]
  .text     ro code   0x800'033c    0x86  ABImemcpy.o [3]
  .text     ro code   0x800'03c4   0x190  system_gd32f20x.o [1]
  .text     ro code   0x800'0554    0x26  main.o [1]
  .text     ro code   0x800'057c    0x1e  cmain.o [3]
  .text     ro code   0x800'059a     0x4  low_level_init.o [2]
  .text     ro code   0x800'059e     0x4  exit.o [2]
  .text     ro code   0x800'05a4     0xa  cexit.o [3]
  .text     ro code   0x800'05b0    0x14  exit.o [4]
  .rodata   const     0x800'05c4    0x10  gd32f20x_rcu.o [1]
  .text     ro code   0x800'05d4    0x10  startup_gd32f20x_cl.o [1]
  .text     ro code   0x800'05e4     0xc  cstartup_M.o [3]
  .rodata   const     0x800'05f0     0x8  gd32f20x_rcu.o [1]
  .rodata   const     0x800'05f8     0x8  gd32f20x_rcu.o [1]
  .text     ro code   0x800'0600     0x4  startup_gd32f20x_cl.o [1]
  .text     ro code   0x800'0604     0x4  startup_gd32f20x_cl.o [1]
  .text     ro code   0x800'0608     0x4  startup_gd32f20x_cl.o [1]
  .text     ro code   0x800'060c     0x4  startup_gd32f20x_cl.o [1]
  .text     ro code   0x800'0610     0x4  startup_gd32f20x_cl.o [1]
  .text     ro code   0x800'0614     0x4  startup_gd32f20x_cl.o [1]
  .text     ro code   0x800'0618     0x4  startup_gd32f20x_cl.o [1]
  .text     ro code   0x800'061c     0x4  startup_gd32f20x_cl.o [1]
  .text     ro code   0x800'0620     0x4  startup_gd32f20x_cl.o [1]
  .text     ro code   0x800'0624     0x4  startup_gd32f20x_cl.o [1]
  .text     ro code   0x800'0628     0x4  startup_gd32f20x_cl.o [1]
  .text     ro code   0x800'062c     0x4  startup_gd32f20x_cl.o [1]
  .text     ro code   0x800'0630     0x4  startup_gd32f20x_cl.o [1]
  .text     ro code   0x800'0634     0x4  startup_gd32f20x_cl.o [1]
  .text     ro code   0x800'0638     0x4  startup_gd32f20x_cl.o [1]
  .text     ro code   0x800'063c     0x4  startup_gd32f20x_cl.o [1]
  .text     ro code   0x800'0640     0x4  startup_gd32f20x_cl.o [1]
  .text     ro code   0x800'0644     0x4  startup_gd32f20x_cl.o [1]
  .text     ro code   0x800'0648     0x4  startup_gd32f20x_cl.o [1]
  .text     ro code   0x800'064c     0x4  startup_gd32f20x_cl.o [1]
  .text     ro code   0x800'0650     0x4  startup_gd32f20x_cl.o [1]
  .text     ro code   0x800'0654     0x4  startup_gd32f20x_cl.o [1]
  .text     ro code   0x800'0658     0x4  startup_gd32f20x_cl.o [1]
  .text     ro code   0x800'065c     0x4  startup_gd32f20x_cl.o [1]
  .text     ro code   0x800'0660     0x4  startup_gd32f20x_cl.o [1]
  .text     ro code   0x800'0664     0x4  startup_gd32f20x_cl.o [1]
  .text     ro code   0x800'0668     0x4  startup_gd32f20x_cl.o [1]
  .text     ro code   0x800'066c     0x4  startup_gd32f20x_cl.o [1]
  .text     ro code   0x800'0670     0x4  startup_gd32f20x_cl.o [1]
  .text     ro code   0x800'0674     0x4  startup_gd32f20x_cl.o [1]
  .text     ro code   0x800'0678     0x4  startup_gd32f20x_cl.o [1]
  .text     ro code   0x800'067c     0x4  startup_gd32f20x_cl.o [1]
  .text     ro code   0x800'0680     0x4  startup_gd32f20x_cl.o [1]
  .text     ro code   0x800'0684     0x4  startup_gd32f20x_cl.o [1]
  .text     ro code   0x800'0688     0x4  startup_gd32f20x_cl.o [1]
  .text     ro code   0x800'068c     0x4  startup_gd32f20x_cl.o [1]
  .text     ro code   0x800'0690     0x4  startup_gd32f20x_cl.o [1]
  .text     ro code   0x800'0694     0x4  startup_gd32f20x_cl.o [1]
  .text     ro code   0x800'0698     0x4  startup_gd32f20x_cl.o [1]
  .text     ro code   0x800'069c     0x4  startup_gd32f20x_cl.o [1]
  .text     ro code   0x800'06a0     0x4  startup_gd32f20x_cl.o [1]
  .text     ro code   0x800'06a4     0x4  startup_gd32f20x_cl.o [1]
  .text     ro code   0x800'06a8     0x4  startup_gd32f20x_cl.o [1]
  .text     ro code   0x800'06ac     0x4  startup_gd32f20x_cl.o [1]
  .text     ro code   0x800'06b0     0x4  startup_gd32f20x_cl.o [1]
  .text     ro code   0x800'06b4     0x4  startup_gd32f20x_cl.o [1]
  .text     ro code   0x800'06b8     0x4  startup_gd32f20x_cl.o [1]
  .text     ro code   0x800'06bc     0x4  startup_gd32f20x_cl.o [1]
  .text     ro code   0x800'06c0     0x4  startup_gd32f20x_cl.o [1]
  .text     ro code   0x800'06c4     0x4  startup_gd32f20x_cl.o [1]
  .text     ro code   0x800'06c8     0x4  startup_gd32f20x_cl.o [1]
  .text     ro code   0x800'06cc     0x4  startup_gd32f20x_cl.o [1]
  .text     ro code   0x800'06d0     0x4  startup_gd32f20x_cl.o [1]
  .text     ro code   0x800'06d4     0x4  startup_gd32f20x_cl.o [1]
  .text     ro code   0x800'06d8     0x4  startup_gd32f20x_cl.o [1]
  .text     ro code   0x800'06dc     0x4  startup_gd32f20x_cl.o [1]
  .text     ro code   0x800'06e0     0x4  startup_gd32f20x_cl.o [1]
  .text     ro code   0x800'06e4     0x4  startup_gd32f20x_cl.o [1]
  .text     ro code   0x800'06e8     0x4  startup_gd32f20x_cl.o [1]
  .text     ro code   0x800'06ec     0x4  startup_gd32f20x_cl.o [1]
  .text     ro code   0x800'06f0     0x4  startup_gd32f20x_cl.o [1]
  .text     ro code   0x800'06f4     0x4  startup_gd32f20x_cl.o [1]
  .text     ro code   0x800'06f8     0x4  startup_gd32f20x_cl.o [1]
  .text     ro code   0x800'06fc     0x4  startup_gd32f20x_cl.o [1]
  .text     ro code   0x800'0700     0x4  startup_gd32f20x_cl.o [1]
  .text     ro code   0x800'0704     0x4  startup_gd32f20x_cl.o [1]
  .text     ro code   0x800'0708     0x4  startup_gd32f20x_cl.o [1]
  .text     ro code   0x800'070c     0x4  startup_gd32f20x_cl.o [1]
  .text     ro code   0x800'0710     0x4  startup_gd32f20x_cl.o [1]
  .text     ro code   0x800'0714     0x4  startup_gd32f20x_cl.o [1]
  .text     ro code   0x800'0718     0x4  startup_gd32f20x_cl.o [1]
  .text     ro code   0x800'071c     0x4  startup_gd32f20x_cl.o [1]
  .text     ro code   0x800'0720     0x4  startup_gd32f20x_cl.o [1]
  .text     ro code   0x800'0724     0x4  startup_gd32f20x_cl.o [1]
  .text     ro code   0x800'0728     0x4  startup_gd32f20x_cl.o [1]
  .text     ro code   0x800'072c     0x4  startup_gd32f20x_cl.o [1]
  .text     ro code   0x800'0730     0x4  startup_gd32f20x_cl.o [1]
  .text     ro code   0x800'0734     0x4  startup_gd32f20x_cl.o [1]
  .text     ro code   0x800'0738     0x4  startup_gd32f20x_cl.o [1]
  .text     ro code   0x800'073c     0x4  startup_gd32f20x_cl.o [1]
  .text     ro code   0x800'0740     0x4  startup_gd32f20x_cl.o [1]
  .text     ro code   0x800'0744     0x4  startup_gd32f20x_cl.o [1]
  .text     ro code   0x800'0748     0x4  startup_gd32f20x_cl.o [1]
  .text     ro code   0x800'074c     0x4  startup_gd32f20x_cl.o [1]
  .text     ro code   0x800'0750     0x4  startup_gd32f20x_cl.o [1]
  .text     ro code   0x800'0754     0x4  startup_gd32f20x_cl.o [1]
  .text     ro code   0x800'0758     0x4  startup_gd32f20x_cl.o [1]
  .text     ro code   0x800'075c     0x4  startup_gd32f20x_cl.o [1]
  .text     ro code   0x800'0760     0x4  startup_gd32f20x_cl.o [1]
                    - 0x800'0764   0x5bc

"P2":                             0x2000
  CSTACK             0x2000'0000  0x2000  <Block>
    CSTACK  uninit   0x2000'0000  0x2000  <Block tail>
                   - 0x2000'2000  0x2000

Unused ranges:

         From           To      Size
         ----           --      ----
   0x800'0764   0x80f'ffff  0xf'f89c
  0x2000'2000  0x2003'ffff  0x3'e000



*******************************************************************************
*** MODULE SUMMARY
***

    Module                 ro code  ro data  rw data
    ------                 -------  -------  -------
command line/config:
    ------------------------------------------------
    Total:

C:\Users\Pyrtikov\Desktop\GD32F205\GD\Debug\Obj: [1]
    gd32f20x_rcu.o             404       32
    main.o                      38
    startup_gd32f20x_cl.o      796
    system_gd32f20x.o          400
    ------------------------------------------------
    Total:                   1 638       32

dl7M_tln.a: [2]
    exit.o                       4
    low_level_init.o             4
    ------------------------------------------------
    Total:                       8

rt7M_tl.a: [3]
    ABImemcpy.o                134
    cexit.o                     10
    cmain.o                     30
    cstartup_M.o                12
    ------------------------------------------------
    Total:                     186

shb_l.a: [4]
    exit.o                      20
    ------------------------------------------------
    Total:                      20

    Gaps                         8
    Linker created                             8 192
----------------------------------------------------
    Grand Total:             1 860       32    8 192


*******************************************************************************
*** ENTRY LIST
***

Entry                       Address   Size  Type      Object
-----                       -------   ----  ----      ------
?main                    0x800'057d         Code  Gb  cmain.o [3]
CSTACK$$Base            0x2000'0000          --   Gb  - Linker created -
CSTACK$$Limit           0x2000'2000          --   Gb  - Linker created -
Region$$Table$$Base             0x0          --   Gb  - Linker created -
Region$$Table$$Limit            0x0          --   Gb  - Linker created -
SystemInit               0x800'03c5   0xb0  Code  Gb  system_gd32f20x.o [1]
__ICFEDIT_region_RAM_end__ {Abs}
                        0x2003'ffff         Data  Gb  <internal module>
__ICFEDIT_region_RAM_start__ {Abs}
                        0x2000'0000         Data  Gb  <internal module>
__aeabi_memcpy4          0x800'033d         Code  Gb  ABImemcpy.o [3]
__aeabi_memcpy8          0x800'033d         Code  Gb  ABImemcpy.o [3]
__cmain                  0x800'057d         Code  Gb  cmain.o [3]
__exit                   0x800'05b1   0x14  Code  Gb  exit.o [4]
__iar_program_start      0x800'05e5         Code  Gb  cstartup_M.o [3]
__low_level_init         0x800'059b    0x4  Code  Gb  low_level_init.o [2]
__vector_table           0x800'0000         Data  Gb  startup_gd32f20x_cl.o [1]
_call_main               0x800'0589         Code  Gb  cmain.o [3]
_exit                    0x800'05a5         Code  Gb  cexit.o [3]
_main                    0x800'0597         Code  Gb  cmain.o [3]
exit                     0x800'059f    0x4  Code  Gb  exit.o [2]
main                     0x800'0555   0x26  Code  Gb  main.o [1]
rcu_clock_freq_get       0x800'01a9  0x178  Code  Gb  gd32f20x_rcu.o [1]
system_clock_120m_hxtal_8
                         0x800'047d   0xa0  Code  Lc  system_gd32f20x.o [1]
system_clock_config      0x800'0475    0x8  Code  Lc  system_gd32f20x.o [1]


[1] = C:\Users\Pyrtikov\Desktop\GD32F205\GD\Debug\Obj
[2] = dl7M_tln.a
[3] = rt7M_tl.a
[4] = shb_l.a

  1 860 bytes of readonly  code memory
     32 bytes of readonly  data memory
  8 192 bytes of readwrite data memory

Errors: none
Warnings: none
